[secure.freecrypt.org/index.html]
[backblue.gif]
[fade.gif]
[index.html]
[secure.freecrypt.org/assets/css/style.css]
[s3-us-west-2.amazonaws.com/s.cdpn.io/210284/check_radio_sheet.png]
[secure.freecrypt.org/assets/js/aes.js]
[secure.freecrypt.org/assets/js/crypto-js.js]
[secure.freecrypt.org/assets/js/serpent_cipherEnc.js]
[secure.freecrypt.org/assets/js/pbkdf2.js]
[cdnjs.cloudflare.com/ajax/libs/jquery/1.10.2/jquery.min.js]
[secure.freecrypt.org/assets/js/script.js]
[secure.freecrypt.org/assets/js/Blob.js]
[secure.freecrypt.org/assets/js/canvas-toBlob.js]
[secure.freecrypt.org/assets/js/FileSaver.min.js]
[secure.freecrypt.org/assets/js/base64js.min.js]
[secure.freecrypt.org/assets/js/download2.js]
[secure.freecrypt.org/index.html]
[secure.freecrypt.org/assets/img/icons.svg]
[secure.freecrypt.org/assets/img/home-solid.svg]
[secure.freecrypt.org/v2_footer_bg.png]
[secure.freecrypt.org/assets/css/style.css]
[secure.freecrypt.org/assets/img/icons.svg]
[secure.freecrypt.org/assets/img/home-solid.svg]
